
   PASS  Tests\Unit\ExampleTest
  Ô£ô that true is true                                                    0.01s  

   PASS  Tests\Feature\Auth\AuthenticationTest
  Ô£ô login screen can be rendered                                         0.29s  
  Ô£ô users can authenticate using the login screen                        0.05s  
  Ô£ô users can not authenticate with invalid password                     0.23s  
  Ô£ô users can logout                                                     0.01s  

   PASS  Tests\Feature\Auth\EmailVerificationTest
  Ô£ô email verification screen can be rendered                            0.02s  
  Ô£ô email can be verified                                                0.02s  
  Ô£ô email is not verified with invalid hash                              0.02s  

   PASS  Tests\Feature\Auth\PasswordConfirmationTest
  Ô£ô confirm password screen can be rendered                              0.02s  
  Ô£ô password can be confirmed                                            0.02s  
  Ô£ô password is not confirmed with invalid password                      0.22s  

   PASS  Tests\Feature\Auth\PasswordResetTest
  Ô£ô reset password link screen can be rendered                           0.02s  
  Ô£ô reset password link can be requested                                 0.23s  
  Ô£ô reset password screen can be rendered                                0.22s  
  Ô£ô password can be reset with valid token                               0.24s  

   PASS  Tests\Feature\Auth\RegistrationTest
  Ô£ô registration screen can be rendered                                  0.02s  
  Ô£ô new users can register                                               0.02s  

   PASS  Tests\Feature\DashboardTest
  Ô£ô guests are redirected to the login page                              0.01s  
  Ô£ô authenticated users can visit the dashboard                          0.02s  

   PASS  Tests\Feature\ExampleTest
  Ô£ô it returns a successful response                                     0.01s  

   PASS  Tests\Feature\Settings\PasswordUpdateTest
  Ô£ô password can be updated                                              0.02s  
  Ô£ô correct password must be provided to update password                 0.02s  

   PASS  Tests\Feature\Settings\ProfileUpdateTest
  Ô£ô profile page is displayed                                            0.02s  
  Ô£ô profile information can be updated                                   0.02s  
  Ô£ô email verification status is unchanged when the email address is unÔÇª 0.02s  
  Ô£ô user can delete their account                                        0.03s  
  Ô£ô correct password must be provided to delete account                  0.02s  

  Tests:    27 passed (64 assertions)
  Duration: 1.99s

