
  [44;1m INFO [49;22m Unknown option "--no-interaction".

